AbbeNormal http://www.ourpla.net/cgi-bin/pikie.cgi?
AcadWiki http://xarch.tu-graz.ac.at/autocad/wiki/
Acronym http://www.acronymfinder.com/af-query.asp?String=exact&Acronym=
Advogato http://www.advogato.org/
AndStuff http://andstuff.org/wiki.php?
BcWireless http://www.bcwireless.net/wiki-moinmoin/moin.cgi/
BenefitsWiki http://www.benefitslink.com/cgi-bin/wiki.cgi?
BridgesWiki http://c2.com/w2/bridges/
bsdWiki http://profile.sh/syswiki/index.php?
C2find http://c2.com/cgi/wiki?FindPage&value=
Category Category
CLiki http://www.telent.net/cliki/
CmWiki http://www.ourpla.net/cgi-bin/wiki.pl?
CreationMatters http://www.ourpla.net/cgi-bin/wiki.pl?
DejaNews http://www.deja.com/=dnc/getdoc.xp?AN=
Dictionary http://www.dictionary.com/cgi-bin/dict.pl?term=
DolphinWiki http://www.object-arts.com/wiki/html/Dolphin/
DseWiki http://www.wikiservice.at/dse/wiki.cgi?
EfnetCeeWiki http://rm-f.net/~jh/c-wiki/moin.cgi/
EfnetCppWiki http://purl.net/wiki/cpp/
EfnetPythonWiki http://purl.net/wiki/python/
EfnetXmlWiki http://purl.net/wiki/xml/
EmacsWiki http://www.emacswiki.org/cgi-bin/wiki.pl?
Foldoc http://www.foldoc.org/foldoc/foldoc.cgi?
FoxWiki http://fox.wikis.com/wc.dll?Wiki~
FreeNetworks http://www.freenetworks.org/index.cgi/
FreshMeat http://freshmeat.net/
GoogleGroups http://groups.google.com/groups?q=
Google http://www.google.com/search?q=
HammondWiki http://www.dairiki.org/HammondWiki/index.php3?
IAwiki http://www.IAwiki.net/
IMDB http://us.imdb.com/Title?
ISBN http://www.amazon.com/exec/obidos/ASIN/
JargonFile http://sunir.org/apps/meta.pl?wiki=JargonFile&redirect=
JiniWiki http://www.cdegroot.com/cgi-bin/jini?
KnowHow http://www2.iro.umontreal.ca/~paquetse/cgi-bin/wiki.cgi?
LegoWiki http://www.object-arts.com/wiki/html/Lego-Robotics/
MbTest http://www.usemod.com/cgi-bin/mbtest.pl?
MeatBall http://www.usemod.com/cgi-bin/mb.pl?
MetaWiki http://sunir.org/apps/meta.pl?
MoinMoin http://purl.net/wiki/moin/
MuWeb http://www.dunstable.com/scripts/MuWebWeb?
OrgPatterns http://www.bell-labs.com/cgi-user/OrgPatterns/OrgPatterns?
PersonalTelco http://www.personaltelco.net/index.cgi/
php-function http://www.php.net/manual/en/function.%s.php
php-lookup http://www.php.net/manual-lookup.php?pattern=
PhpWiki http://phpwiki.sourceforge.net/phpwiki/index.php?
PhpWikiDemo http://phpwiki.sourceforge.net/demo/
PhpWikiCvs http://cvs.sourceforge.net/cgi-bin/viewcvs.cgi/phpwiki/phpwiki/
Pikie http://pikie.darktech.org/cgi/pikie?
PolitizenWiki http://www.politizen.com/wiki.asp?
PPR http://c2.com/cgi/wiki?
PythonInfo http://www.python.org/cgi-bin/moinmoin/
PyWiki http://www.voght.com/cgi-bin/pywiki?
RFC http://www.faqs.org/rfcs/rfc%s.html
SeattleWireless http://seattlewireless.net/?
SenseisLibrary http://senseis.xmp.net/?
SourceForge http://sourceforge.net/
Squeak http://minnow.cc.gatech.edu/squeak/
StrikiWiki http://ch.twi.tudelft.nl/~mostert/striki/teststriki.pl?
Tavi http://tavi.sourceforge.net/index.php?
Thesaurus http://www.thesaurus.com/cgi-bin/search?config=roget&words=
Thinki http://www.thinkware.se/cgi-bin/thinki.cgi/
TWiki http://twiki.org/cgi-bin/view/
UseMod http://www.usemod.com/cgi-bin/wiki.pl?
VisualWorks http://wiki.cs.uiuc.edu/VisualWorks/
Why http://clublet.com/c/c/why?
Wiki http://c2.com/cgi/wiki?
WikiPedia http://www.wikipedia.com/wiki.phtml?title=
ZWiki http://www.zwiki.org/
